// Jest Snapshot v1, https://goo.gl/fbAQLP

exports[`nodeToSVG handles a simple square 1`] = `
"
 <rect type=\\"my component\\" x=\\"0\\" y=\\"0\\" width=\\"600\\" height=\\"400\\" fill=\\"none\\"/>"
`;
