// Jest Snapshot v1, https://goo.gl/fbAQLP

exports[`handles some simple JSX 1`] = `
"<?xml version=\\"1.0\\" encoding=\\"UTF-8\\" ?>
<svg width=\\"600\\" height=\\"400\\" xmlns=\\"http://www.w3.org/2000/svg\\" xmlns:xlink=\\"http://www.w3.org/1999/xlink\\" version=\\"1.1\\">

 <rect type=\\"View\\" x=\\"0\\" y=\\"0\\" width=\\"NaN\\" height=\\"NaN\\" fill=\\"none\\"/>

 <g transform='translate(0, 0)'>
   <rect type=\\"View\\" x=\\"0\\" y=\\"0\\" width=\\"NaN\\" height=\\"NaN\\" fill=\\"none\\"/>
   <rect type=\\"View\\" x=\\"0\\" y=\\"0\\" width=\\"NaN\\" height=\\"NaN\\" fill=\\"none\\"/>

   <g transform='translate(0, 0)'>
     <rect type=\\"View\\" x=\\"0\\" y=\\"0\\" width=\\"NaN\\" height=\\"NaN\\" fill=\\"none\\"/>
     <rect type=\\"View\\" x=\\"0\\" y=\\"0\\" width=\\"NaN\\" height=\\"NaN\\" fill=\\"none\\"/>
   </g>

   <rect type=\\"View\\" x=\\"0\\" y=\\"0\\" width=\\"NaN\\" height=\\"NaN\\" fill=\\"none\\"/>
   <rect type=\\"View\\" x=\\"0\\" y=\\"0\\" width=\\"NaN\\" height=\\"NaN\\" fill=\\"none\\"/>

   <g transform='translate(0, 0)'>
     <rect type=\\"View\\" x=\\"0\\" y=\\"0\\" width=\\"NaN\\" height=\\"NaN\\" fill=\\"none\\"/>
     <rect type=\\"View\\" x=\\"0\\" y=\\"0\\" width=\\"NaN\\" height=\\"NaN\\" fill=\\"none\\"/>
     <rect type=\\"View\\" x=\\"0\\" y=\\"0\\" width=\\"NaN\\" height=\\"NaN\\" fill=\\"none\\"/>
   </g>

   <rect type=\\"View\\" x=\\"5\\" y=\\"5\\" width=\\"NaN\\" height=\\"NaN\\" fill=\\"none\\" stroke=\\"black\\" stroke-width=\\"10\\"/>

   <g transform='translate(0, 0)'>
     <rect type=\\"View\\" x=\\"0\\" y=\\"0\\" width=\\"NaN\\" height=\\"NaN\\" fill=\\"none\\"/>
     <rect type=\\"View\\" x=\\"0\\" y=\\"0\\" width=\\"NaN\\" height=\\"NaN\\" fill=\\"none\\"/>
     <rect type=\\"View\\" x=\\"0\\" y=\\"0\\" width=\\"NaN\\" height=\\"NaN\\" fill=\\"none\\"/>
   </g>

 </g>

</svg>
"
`;
